
<!doctype html>
<html lang='en'>

<head>
    <meta charset='utf-8'>
    <title>Home - Snippetbox</title>
    
    <link rel='stylesheet' href='/static/css/main.css'>
    <link rel='shortcut icon' href='/static/img/favicon.ico' type='image/x-icon'>
    
    <link rel='stylesheet' href='https://fonts.googleapis.com/css?family=Ubuntu+Mono:400,700'>
</head>

<body>
    <header>
        <h1><a href='/'>Snippetbox</a></h1>
    </header>
     <nav>
    <a href='/'>Home</a>
</nav>
 <main>
        
<h2>Latest Snippets</h2>

<table>
    <tr>
        <th>Title</th>
        <th>Created</th>
        <th>ID</th>
    </tr>
    
    <tr>
        <td><a href='/snippet/view?id=1'>title1</a></td>
        <td>2024-03-21 16:17:51 &#43;0000 UTC</td>
        <td>#1</td>
    </tr>
    
    <tr>
        <td><a href='/snippet/view?id=2'>title2</a></td>
        <td>2024-03-21 16:17:51 &#43;0000 UTC</td>
        <td>#2</td>
    </tr>
    
</table>

 </main>
    <footer>Powered by <a href='https://golang.org/'>Go</a></footer> 
    <script src="/static/js/main.js" type="text/javascript"></script>
</body>

</html> 