
<!doctype html>
<html lang='en'>

<head>
    <meta charset='utf-8'>
    <title>Snippet #1 - Snippetbox</title>
    
    <link rel='stylesheet' href='/static/css/main.css'>
    <link rel='shortcut icon' href='/static/img/favicon.ico' type='image/x-icon'>
    
    <link rel='stylesheet' href='https://fonts.googleapis.com/css?family=Ubuntu+Mono:400,700'>
</head>

<body>
    <header>
        <h1><a href='/'>Snippetbox</a></h1>
    </header>
     <nav>
    <a href='/'>Home</a>
</nav>
 <main>
        

<div class='snippet'>
    <div class='metadata'>
        <strong>title1</strong>
        <span>#1</span>
    </div>
    <pre><code>content1</code></pre>
    <div class='metadata'>
        <time>Created: 2024-03-21 16:17:51 &#43;0000 UTC</time>
        <time>Expires: 2024-03-21 17:17:51 &#43;0000 UTC</time>
    </div>
</div>

 </main>
    <footer>
        Powered by <a href='https://golang.org/'>Go</a> in 2024
    </footer>
    <script src="/static/js/main.js" type="text/javascript"></script>
</body>

</html> 